The:  Das
 Bergamo:   Bergamo
t:  t
 project:   Bergamo - Projekt
 will:   wird
 add:   die  ergänzen
 and:   und
 improve:   verbessern
 client:   die  Übersetzung  Client  Maschine
-:  -  der
side:  Seite
 machine:   Maschine
 translation:   Übersetzung
 in:   der  in
 a:   einem
 web:   Web browser
 browser:  browser
.:  .

Unlike:  Im  Gegensatz  zu
 current:   aktuellen
 cloud:   Cloud
-:  -
based:  basierten
 options:   Optionen
,: 
 running:   laufen
 directly:   direkt
 on:   auf
 users:   den  Rechner n  Nutzer
’:  n  der
 machines:   den  Rechner n ,
 empower:  ,  die  die innen  und ,  ihre
s: 
 citizens:   Bürger  Bürger
 to:  innen  und ,  zu
 preserve:   bewahren
 their:   ihre
 privacy:   Privatsphäre
 and:   und
 increases:   erhöht
 the:   die
 up:   Verbreitung
take:   Verbreitung
 of:   von
 language:   Sprach
 technologies:  technologien
 in:   in
 Europe:   Europa
 in:   in
 various:   Europa  verschiedenen
 sectors:   Sektoren
 that:  ,  die
 require:   erfordern
 confidential:   Ver tra u lichkeit
ity:  lichkeit
.:  .

Free:  Freie
 software:   Software
 integrated:  ,  die  wie  integriert
 with:  ,  mit
 an:   die  einem
 open:   Open
-:  - -
source:  Source
 web:  Web
 browser:  browser
,: 
 such: 
 as:   wie
 Mozilla:   Mozilla
 Firefox:   Firefox
,:  ,
 will:   wird
 enable:   wird  ermöglichen
 bottom:   die  Akzeptanz  von  unten  oben
-:   nach
up:   nach  oben
 adoption:   Akzeptanz
 by:   von  durch
 non:   unten  Nicht
-:  -
expert:  Ex per ten
s: 
,:  ,
 result:   was  zu
ing:   was
 in: 
 cost:   zu  Kosten
 savings:  ein spar ungen
 for:   für
 private:   private
 and:   und
 public:   öffentliche
 sector:   führt ,
 users:   Nutzer  führt
 who:  ,  die
 would:   würden
 otherwise:   and ern falls
 pro:   be schaffen
cur:   be schaffen
e: 
 translation:   Übersetzungen
 or:   oder
 operate:   arbeiten
 mono:   ein sprachig
ling: 
ual:  sprachig
ly:   ein
.:   würden .

Bergamo:  Bergamo
t:  t
 is:   ist
 a:   ein
 consortium:   Kon sort ium
 coordinated:  ,  mit  koordiniert
 by:   von
 the:  ,  das  der
 University:   Universität
 of: 
 Edinburgh:   Edinburgh
 with:   mit
 partners:   den  Partnern
 Charles:   Charles
 University:   University
 in:   in
 Prague:   Prag
,:  ,
 the:   der
 University:   University  of
 of:   of
 She:   She
f:  f
field:  field
,:  ,
 University:   der  University  of
 of:   of
 Tar:   Tar
tu:  tu
,: 
 and:   und
 Mozilla:   Mozilla
.:   wird .
