Das Bergamot-Projekt wird die Übersetzung der Client-Seite der Maschine in einem Webbrowser ergänzen und verbessern. Im Gegensatz zu den derzeitigen Cloud-basierten Optionen befähigt dies den Bürgern, ihre Privatsphäre zu bewahren und erhöht die Verbreitung von Sprachtechnologien in verschiedenen Sektoren, die Vertraulichkeit erfordern. Freie Software, die mit einem Open-Source-Webbrowser wie Mozilla Firefox integriert ist, wird die Annahme von Unter-up durch Nicht-Experten ermöglichen, was zu Kosteneinsparungen für private und öffentliche Nutzer führt, die sich sonst eine Übersetzung beschaffen oder einsprachig arbeiten würden. Bergamot ist ein Konsortium, das von der Universität Edinburgh mit den Partnern Charles University in Prag, der University of Sheffield, der University of Tartu und Mozilla koordiniert wird.
