    Das Bergamot-Projekt wird die maschinelle Übersetzung der Client-Seite in einem Webbrowser ergänzen und verbessern.

    Im Gegensatz zu aktuellen Cloud-basierten Optionen, die direkt auf den Maschinen der Nutzer laufen, ermöglicht dies die Bürger, ihre Privatsphäre zu bewahren und erhöht die Akzeptanz von Sprachtechnologien in Europa in verschiedenen Sektoren, die Vertraulichkeit erfordern. Freie Software, die mit einem Open-Source-Webbrowser wie Mozilla Firefox integriert ist, ermöglicht die Akzeptanz von Bottom-up durch Nicht-Experten, was zu Kosteneinsparungen für private und öffentliche Nutzer führt, die andernfalls Übersetzung beschaffen oder einsprachig arbeiten würden.

    Bergamot ist ein Konsortium, das von der Universität Edinburgh mit Partnern der Karlsuniversität in Prag, der Universität Sheffield, der Universität Tartu und Mozilla koordiniert wird.



